NCAAF_t180_nfl_q3300_d0.25 net 2.467599999999038 residual 0.0
NCAAF_t180_nfl_q3300_d5 net 2.467599999999038 residual 0.0
NCAAF_t180_nfl_q10000_d0.25 net -2.7967000000016924 residual 0.0
NCAAF_t180_nfl_q10000_d5 net -2.7967000000016924 residual 0.0
NCAAF_t180_constant_q3300_d0.25 net 16.006499999995867 residual 0.0
NCAAF_t180_constant_q3300_d5 net 16.006499999987682 residual 0.0
NCAAF_t180_constant_q10000_d0.25 net 6.372699999998076 residual 0.0
NCAAF_t180_constant_q10000_d5 net 6.3727999999964595 residual 0.0
NCAAF_t30_nfl_q3300_d0.25 net 2.467599999999038 residual 0.0
NCAAF_t30_nfl_q3300_d5 net 2.467599999999038 residual 0.0
NCAAF_t30_nfl_q10000_d0.25 net -2.7967000000016924 residual 0.0
NCAAF_t30_nfl_q10000_d5 net -2.7967000000016924 residual 0.0
NCAAF_t30_constant_q3300_d0.25 net 79.01999999998407 residual 0.0
NCAAF_t30_constant_q3300_d5 net 75.84629999997378 residual 0.0
NCAAF_t30_constant_q10000_d0.25 net 30.50540000000092 residual 0.0
NCAAF_t30_constant_q10000_d5 net 29.895499999992353 residual 0.0
WNBA_t180_nfl_q3300_d0.25 net -45.18499999999949 residual 0.0
WNBA_t180_nfl_q3300_d5 net -45.18499999999949 residual 0.0
WNBA_t180_nfl_q10000_d0.25 net -35.29210000000057 residual 0.0
WNBA_t180_nfl_q10000_d5 net -35.29210000000057 residual 0.0
WNBA_t180_constant_q3300_d0.25 net -45.18499999999949 residual 0.0
WNBA_t180_constant_q3300_d5 net -45.18499999999949 residual 0.0
WNBA_t180_constant_q10000_d0.25 net -35.29210000000057 residual 0.0
WNBA_t180_constant_q10000_d5 net -35.29210000000057 residual 0.0
WNBA_t30_nfl_q3300_d0.25 net -47.41729999999916 residual 0.0
WNBA_t30_nfl_q3300_d5 net -47.41729999999916 residual 0.0
WNBA_t30_nfl_q10000_d0.25 net -32.82540000000063 residual 0.0
WNBA_t30_nfl_q10000_d5 net -32.82540000000063 residual 0.0
WNBA_t30_constant_q3300_d0.25 net -39.17070000000149 residual 0.0
WNBA_t30_constant_q3300_d5 net -39.17070000000149 residual 0.0
WNBA_t30_constant_q10000_d0.25 net -34.3139000000001 residual 0.0
WNBA_t30_constant_q10000_d5 net -34.3139000000001 residual 0.0
