KXNCAAFGAME-26SEP03AKRWAKE STRUCTURE_OK
KXNCAAFGAME-26SEP06LOUMISS STRUCTURE_OK
KXNCAAFGAME-26SEP04FPUMRST STRUCTURE_OK
KXNCAAFGAME-26SEP05ACTTU STRUCTURE_OK
KXNCAAFGAME-26SEP07SMUFSU STRUCTURE_OK
KXNCAAFGAME-26SEP10FAMUMIA STRUCTURE_OK
KXNCAAFGAME-26SEP12ALAUK STRUCTURE_OK
KXNCAAFGAME-26SEP11MIZZKU STRUCTURE_OK
KXMLBGAME-26SEP011840NYMTB STRUCTURE_OK
KXMLBGAME-26SEP041410DETCLEG1 STRUCTURE_OK
KXMLBGAME-26SEP021240SDCIN STRUCTURE_OK
KXMLBGAME-26SEP031235SFPIT STRUCTURE_OK
KXMLBGAME-26SEP071305ATLPHI STRUCTURE_OK
KXMLBGAME-26SEP051610CHCMIA STRUCTURE_OK
KXMLBGAME-26SEP061210MILCIN STRUCTURE_OK
KXMLBGAME-26SEP081835CLEBAL STRUCTURE_OK
KXNHLGAME-26SEP20SJANA STRUCTURE_OK
KXNHLGAME-26SEP20NYINJ STRUCTURE_OK
KXNHLGAME-26SEP19DALSTL STRUCTURE_OK
KXNHLGAME-26SEP19CHIMIN STRUCTURE_OK
KXNHLGAME-26SEP19VGKLA STRUCTURE_OK
KXNHLGAME-26SEP19VANSEA STRUCTURE_OK
KXNHLGAME-26SEP19WPGEDM STRUCTURE_OK
KXNBAGAME-26MAY01CLETOR Missing contract rules
KXNBAGAME-26MAY04MINSAS Missing contract rules
KXNBAGAME-26MAY05CLEDET Missing contract rules
KXNBAGAME-26MAY06MINSAS Missing contract rules
KXNBAGAME-26MAY07CLEDET Missing contract rules
KXNBAGAME-26MAY09DETCLE Missing contract rules
KXNBAGAME-26MAY08NYKPHI Missing contract rules
KXNBAGAME-26MAY10NYKPHI Missing contract rules
METADATA_COMPLETE 31 reserved events
